// Jest Snapshot v1, https://goo.gl/fbAQLP

exports[`Cli executable output default options snapshot test 1`] = `
"Analyzing samples/VA-article.json
┌──────────────────────────┬──────────┐
│ Total CPU busy time (ms) │ 10107.07 │
├──────────────────────────┼──────────┤
│ Total number of domains  │ 57       │
├──────────────────────────┼──────────┤
│ Number of big offenders  │ 16       │
└──────────────────────────┴──────────┘
┌───────────────┬────────────────────────────────┐
│ CPU Time (ms) │ domain name                    │
├───────────────┼────────────────────────────────┤
│ 1311.39       │ www.vogue.fr                   │
├───────────────┼────────────────────────────────┤
│ 865.91        │ z.moatads.com                  │
├───────────────┼────────────────────────────────┤
│ 835.78        │ pagead2.googlesyndication.com  │
├───────────────┼────────────────────────────────┤
│ 788.86        │ securepubads.g.doubleclick.net │
├───────────────┼────────────────────────────────┤
│ 711.58        │ j.adlooxtracking.com           │
├───────────────┼────────────────────────────────┤
│ 565.78        │ data05.adlooxtracking.com      │
├───────────────┼────────────────────────────────┤
│ 559.52        │ tpc.googlesyndication.com      │
├───────────────┼────────────────────────────────┤
│ 557.00        │ cdns.gigya.com                 │
├───────────────┼────────────────────────────────┤
│ 542.13        │ s372.mxcdn.net                 │
├───────────────┼────────────────────────────────┤
│ 435.79        │ cdn.adnxs.com                  │
├───────────────┼────────────────────────────────┤
│ 431.04        │ cdn.audiencesquare.com         │
├───────────────┼────────────────────────────────┤
│ 330.84        │ code.createjs.com              │
├───────────────┼────────────────────────────────┤
│ 283.84        │ connect.facebook.net           │
├───────────────┼────────────────────────────────┤
│ 257.54        │ ct1.addthis.com                │
├───────────────┼────────────────────────────────┤
│ 220.13        │ s0.2mdn.net                    │
├───────────────┼────────────────────────────────┤
│ 172.78        │ adyoulike.omnitagjs.com        │
└───────────────┴────────────────────────────────┘
"
`;

exports[`Cli executable output options --json snapshot test 1`] = `
"{ totalCPUTime: 10107.066001057625,
  totalDomains: 57,
  totalOffendersDomains: 16,
  cpuTimePerDomain: 
   { 'www.vogue.fr': 1311.3899983167648,
     'z.moatads.com': 865.9109991788864,
     'pagead2.googlesyndication.com': 835.7820024490356,
     'securepubads.g.doubleclick.net': 788.8580001592636,
     'j.adlooxtracking.com': 711.5819996595383,
     'data05.adlooxtracking.com': 565.7760000228882,
     'tpc.googlesyndication.com': 559.5210016965866,
     'cdns.gigya.com': 556.9990003108978,
     's372.mxcdn.net': 542.1320005655289,
     'cdn.adnxs.com': 435.7939997911453,
     'cdn.audiencesquare.com': 431.038999915123,
     'code.createjs.com': 330.8369996547699,
     'connect.facebook.net': 283.83899974823,
     'ct1.addthis.com': 257.5369999408722,
     's0.2mdn.net': 220.1320000886917,
     'adyoulike.omnitagjs.com': 172.78199970722198 } }
"
`;

exports[`Cli executable output options --min-time=0 snapshot test 1`] = `
"Analyzing samples/VA-article.json
┌──────────────────────────┬──────────┐
│ Total CPU busy time (ms) │ 10107.07 │
├──────────────────────────┼──────────┤
│ Total number of domains  │ 57       │
├──────────────────────────┼──────────┤
│ Number of big offenders  │ 57       │
└──────────────────────────┴──────────┘
┌───────────────┬─────────────────────────────────────────────────────┐
│ CPU Time (ms) │ domain name                                         │
├───────────────┼─────────────────────────────────────────────────────┤
│ 1311.39       │ www.vogue.fr                                        │
├───────────────┼─────────────────────────────────────────────────────┤
│ 865.91        │ z.moatads.com                                       │
├───────────────┼─────────────────────────────────────────────────────┤
│ 835.78        │ pagead2.googlesyndication.com                       │
├───────────────┼─────────────────────────────────────────────────────┤
│ 788.86        │ securepubads.g.doubleclick.net                      │
├───────────────┼─────────────────────────────────────────────────────┤
│ 711.58        │ j.adlooxtracking.com                                │
├───────────────┼─────────────────────────────────────────────────────┤
│ 565.78        │ data05.adlooxtracking.com                           │
├───────────────┼─────────────────────────────────────────────────────┤
│ 559.52        │ tpc.googlesyndication.com                           │
├───────────────┼─────────────────────────────────────────────────────┤
│ 557.00        │ cdns.gigya.com                                      │
├───────────────┼─────────────────────────────────────────────────────┤
│ 542.13        │ s372.mxcdn.net                                      │
├───────────────┼─────────────────────────────────────────────────────┤
│ 435.79        │ cdn.adnxs.com                                       │
├───────────────┼─────────────────────────────────────────────────────┤
│ 431.04        │ cdn.audiencesquare.com                              │
├───────────────┼─────────────────────────────────────────────────────┤
│ 330.84        │ code.createjs.com                                   │
├───────────────┼─────────────────────────────────────────────────────┤
│ 283.84        │ connect.facebook.net                                │
├───────────────┼─────────────────────────────────────────────────────┤
│ 257.54        │ ct1.addthis.com                                     │
├───────────────┼─────────────────────────────────────────────────────┤
│ 220.13        │ s0.2mdn.net                                         │
├───────────────┼─────────────────────────────────────────────────────┤
│ 172.78        │ adyoulike.omnitagjs.com                             │
├───────────────┼─────────────────────────────────────────────────────┤
│ 137.10        │ cdns.eu1.gigya.com                                  │
├───────────────┼─────────────────────────────────────────────────────┤
│ 126.33        │ www.googletagmanager.com                            │
├───────────────┼─────────────────────────────────────────────────────┤
│ 111.74        │ extensions::                                        │
├───────────────┼─────────────────────────────────────────────────────┤
│ 101.32        │ www.googletagservices.com                           │
├───────────────┼─────────────────────────────────────────────────────┤
│ 90.57         │ tags.bkrtx.com                                      │
├───────────────┼─────────────────────────────────────────────────────┤
│ 76.87         │ native                                              │
├───────────────┼─────────────────────────────────────────────────────┤
│ 71.20         │ www.google-analytics.com                            │
├───────────────┼─────────────────────────────────────────────────────┤
│ 70.49         │ staticxx.facebook.com                               │
├───────────────┼─────────────────────────────────────────────────────┤
│ 49.85         │ acdn.adnxs.com                                      │
├───────────────┼─────────────────────────────────────────────────────┤
│ 46.53         │ assets.pinterest.com                                │
├───────────────┼─────────────────────────────────────────────────────┤
│ 44.57         │ fogl1onf.com                                        │
├───────────────┼─────────────────────────────────────────────────────┤
│ 42.79         │ pixel.quantserve.com                                │
├───────────────┼─────────────────────────────────────────────────────┤
│ 33.28         │ ad.doubleclick.net                                  │
├───────────────┼─────────────────────────────────────────────────────┤
│ 22.93         │ static.mediarithmics.com                            │
├───────────────┼─────────────────────────────────────────────────────┤
│ 21.69         │ www.googleadservices.com                            │
├───────────────┼─────────────────────────────────────────────────────┤
│ 21.62         │ s.amazon-adsystem.com                               │
├───────────────┼─────────────────────────────────────────────────────┤
│ 21.62         │ ib.adnxs.com                                        │
├───────────────┼─────────────────────────────────────────────────────┤
│ 20.18         │ cdns1.gigya.com                                     │
├───────────────┼─────────────────────────────────────────────────────┤
│ 14.06         │ www.wysistat.com                                    │
├───────────────┼─────────────────────────────────────────────────────┤
│ 13.32         │ api.dmcdn.net                                       │
├───────────────┼─────────────────────────────────────────────────────┤
│ 12.69         │ s372.meetrics.net                                   │
├───────────────┼─────────────────────────────────────────────────────┤
│ 11.35         │ tags.bluekai.com                                    │
├───────────────┼─────────────────────────────────────────────────────┤
│ 11.00         │ fo-static.omnitagjs.com                             │
├───────────────┼─────────────────────────────────────────────────────┤
│ 10.64         │ static.ads-twitter.com                              │
├───────────────┼─────────────────────────────────────────────────────┤
│ 7.77          │ googleads.g.doubleclick.net                         │
├───────────────┼─────────────────────────────────────────────────────┤
│ 7.72          │ chrome-extension://mpbpobfflnpcgagjijhmgnchggcjblin │
├───────────────┼─────────────────────────────────────────────────────┤
│ 7.23          │ script.ownpage.fr                                   │
├───────────────┼─────────────────────────────────────────────────────┤
│ 6.04          │ graph.facebook.com                                  │
├───────────────┼─────────────────────────────────────────────────────┤
│ 5.12          │ api.pinterest.com                                   │
├───────────────┼─────────────────────────────────────────────────────┤
│ 4.62          │ ads.mediarithmics.com                               │
├───────────────┼─────────────────────────────────────────────────────┤
│ 3.79          │ w.estat.com                                         │
├───────────────┼─────────────────────────────────────────────────────┤
│ 2.22          │ fo-ssp.omnitagjs.com                                │
├───────────────┼─────────────────────────────────────────────────────┤
│ 2.09          │ fo-api.omnitagjs.com                                │
├───────────────┼─────────────────────────────────────────────────────┤
│ 1.68          │ ams1-ib.adnxs.com                                   │
├───────────────┼─────────────────────────────────────────────────────┤
│ 1.09          │ adservice.google.fr                                 │
├───────────────┼─────────────────────────────────────────────────────┤
│ 0.95          │ adservice.google.com                                │
├───────────────┼─────────────────────────────────────────────────────┤
│ 0.90          │ log.pinterest.com                                   │
├───────────────┼─────────────────────────────────────────────────────┤
│ 0.86          │ loadeu.exelator.com                                 │
├───────────────┼─────────────────────────────────────────────────────┤
│ 0.72          │ m.addthisedge.com                                   │
├───────────────┼─────────────────────────────────────────────────────┤
│ 0.58          │ gscounters.eu1.gigya.com                            │
├───────────────┼─────────────────────────────────────────────────────┤
│ 0.06          │ sb.scorecardresearch.com                            │
└───────────────┴─────────────────────────────────────────────────────┘
"
`;

exports[`Cli executable output options --min-time=0 snapshot test 2`] = `
"Analyzing samples/VA-article.json
┌──────────────────────────┬──────────┐
│ Total CPU busy time (ms) │ 10107.07 │
├──────────────────────────┼──────────┤
│ Total number of domains  │ 57       │
├──────────────────────────┼──────────┤
│ Number of big offenders  │ 57       │
└──────────────────────────┴──────────┘
┌───────────────┬─────────────────────────────────────────────────────┐
│ CPU Time (ms) │ domain name                                         │
├───────────────┼─────────────────────────────────────────────────────┤
│ 1311.39       │ www.vogue.fr                                        │
├───────────────┼─────────────────────────────────────────────────────┤
│ 865.91        │ z.moatads.com                                       │
├───────────────┼─────────────────────────────────────────────────────┤
│ 835.78        │ pagead2.googlesyndication.com                       │
├───────────────┼─────────────────────────────────────────────────────┤
│ 788.86        │ securepubads.g.doubleclick.net                      │
├───────────────┼─────────────────────────────────────────────────────┤
│ 711.58        │ j.adlooxtracking.com                                │
├───────────────┼─────────────────────────────────────────────────────┤
│ 565.78        │ data05.adlooxtracking.com                           │
├───────────────┼─────────────────────────────────────────────────────┤
│ 559.52        │ tpc.googlesyndication.com                           │
├───────────────┼─────────────────────────────────────────────────────┤
│ 557.00        │ cdns.gigya.com                                      │
├───────────────┼─────────────────────────────────────────────────────┤
│ 542.13        │ s372.mxcdn.net                                      │
├───────────────┼─────────────────────────────────────────────────────┤
│ 435.79        │ cdn.adnxs.com                                       │
├───────────────┼─────────────────────────────────────────────────────┤
│ 431.04        │ cdn.audiencesquare.com                              │
├───────────────┼─────────────────────────────────────────────────────┤
│ 330.84        │ code.createjs.com                                   │
├───────────────┼─────────────────────────────────────────────────────┤
│ 283.84        │ connect.facebook.net                                │
├───────────────┼─────────────────────────────────────────────────────┤
│ 257.54        │ ct1.addthis.com                                     │
├───────────────┼─────────────────────────────────────────────────────┤
│ 220.13        │ s0.2mdn.net                                         │
├───────────────┼─────────────────────────────────────────────────────┤
│ 172.78        │ adyoulike.omnitagjs.com                             │
├───────────────┼─────────────────────────────────────────────────────┤
│ 137.10        │ cdns.eu1.gigya.com                                  │
├───────────────┼─────────────────────────────────────────────────────┤
│ 126.33        │ www.googletagmanager.com                            │
├───────────────┼─────────────────────────────────────────────────────┤
│ 111.74        │ extensions::                                        │
├───────────────┼─────────────────────────────────────────────────────┤
│ 101.32        │ www.googletagservices.com                           │
├───────────────┼─────────────────────────────────────────────────────┤
│ 90.57         │ tags.bkrtx.com                                      │
├───────────────┼─────────────────────────────────────────────────────┤
│ 76.87         │ native                                              │
├───────────────┼─────────────────────────────────────────────────────┤
│ 71.20         │ www.google-analytics.com                            │
├───────────────┼─────────────────────────────────────────────────────┤
│ 70.49         │ staticxx.facebook.com                               │
├───────────────┼─────────────────────────────────────────────────────┤
│ 49.85         │ acdn.adnxs.com                                      │
├───────────────┼─────────────────────────────────────────────────────┤
│ 46.53         │ assets.pinterest.com                                │
├───────────────┼─────────────────────────────────────────────────────┤
│ 44.57         │ fogl1onf.com                                        │
├───────────────┼─────────────────────────────────────────────────────┤
│ 42.79         │ pixel.quantserve.com                                │
├───────────────┼─────────────────────────────────────────────────────┤
│ 33.28         │ ad.doubleclick.net                                  │
├───────────────┼─────────────────────────────────────────────────────┤
│ 22.93         │ static.mediarithmics.com                            │
├───────────────┼─────────────────────────────────────────────────────┤
│ 21.69         │ www.googleadservices.com                            │
├───────────────┼─────────────────────────────────────────────────────┤
│ 21.62         │ s.amazon-adsystem.com                               │
├───────────────┼─────────────────────────────────────────────────────┤
│ 21.62         │ ib.adnxs.com                                        │
├───────────────┼─────────────────────────────────────────────────────┤
│ 20.18         │ cdns1.gigya.com                                     │
├───────────────┼─────────────────────────────────────────────────────┤
│ 14.06         │ www.wysistat.com                                    │
├───────────────┼─────────────────────────────────────────────────────┤
│ 13.32         │ api.dmcdn.net                                       │
├───────────────┼─────────────────────────────────────────────────────┤
│ 12.69         │ s372.meetrics.net                                   │
├───────────────┼─────────────────────────────────────────────────────┤
│ 11.35         │ tags.bluekai.com                                    │
├───────────────┼─────────────────────────────────────────────────────┤
│ 11.00         │ fo-static.omnitagjs.com                             │
├───────────────┼─────────────────────────────────────────────────────┤
│ 10.64         │ static.ads-twitter.com                              │
├───────────────┼─────────────────────────────────────────────────────┤
│ 7.77          │ googleads.g.doubleclick.net                         │
├───────────────┼─────────────────────────────────────────────────────┤
│ 7.72          │ chrome-extension://mpbpobfflnpcgagjijhmgnchggcjblin │
├───────────────┼─────────────────────────────────────────────────────┤
│ 7.23          │ script.ownpage.fr                                   │
├───────────────┼─────────────────────────────────────────────────────┤
│ 6.04          │ graph.facebook.com                                  │
├───────────────┼─────────────────────────────────────────────────────┤
│ 5.12          │ api.pinterest.com                                   │
├───────────────┼─────────────────────────────────────────────────────┤
│ 4.62          │ ads.mediarithmics.com                               │
├───────────────┼─────────────────────────────────────────────────────┤
│ 3.79          │ w.estat.com                                         │
├───────────────┼─────────────────────────────────────────────────────┤
│ 2.22          │ fo-ssp.omnitagjs.com                                │
├───────────────┼─────────────────────────────────────────────────────┤
│ 2.09          │ fo-api.omnitagjs.com                                │
├───────────────┼─────────────────────────────────────────────────────┤
│ 1.68          │ ams1-ib.adnxs.com                                   │
├───────────────┼─────────────────────────────────────────────────────┤
│ 1.09          │ adservice.google.fr                                 │
├───────────────┼─────────────────────────────────────────────────────┤
│ 0.95          │ adservice.google.com                                │
├───────────────┼─────────────────────────────────────────────────────┤
│ 0.90          │ log.pinterest.com                                   │
├───────────────┼─────────────────────────────────────────────────────┤
│ 0.86          │ loadeu.exelator.com                                 │
├───────────────┼─────────────────────────────────────────────────────┤
│ 0.72          │ m.addthisedge.com                                   │
├───────────────┼─────────────────────────────────────────────────────┤
│ 0.58          │ gscounters.eu1.gigya.com                            │
├───────────────┼─────────────────────────────────────────────────────┤
│ 0.06          │ sb.scorecardresearch.com                            │
└───────────────┴─────────────────────────────────────────────────────┘
"
`;

exports[`Cli executable output options -t=0 snapshot test 1`] = `
"Analyzing samples/VA-article.json
┌──────────────────────────┬──────────┐
│ Total CPU busy time (ms) │ 10107.07 │
├──────────────────────────┼──────────┤
│ Total number of domains  │ 57       │
├──────────────────────────┼──────────┤
│ Number of big offenders  │ 57       │
└──────────────────────────┴──────────┘
┌───────────────┬─────────────────────────────────────────────────────┐
│ CPU Time (ms) │ domain name                                         │
├───────────────┼─────────────────────────────────────────────────────┤
│ 1311.39       │ www.vogue.fr                                        │
├───────────────┼─────────────────────────────────────────────────────┤
│ 865.91        │ z.moatads.com                                       │
├───────────────┼─────────────────────────────────────────────────────┤
│ 835.78        │ pagead2.googlesyndication.com                       │
├───────────────┼─────────────────────────────────────────────────────┤
│ 788.86        │ securepubads.g.doubleclick.net                      │
├───────────────┼─────────────────────────────────────────────────────┤
│ 711.58        │ j.adlooxtracking.com                                │
├───────────────┼─────────────────────────────────────────────────────┤
│ 565.78        │ data05.adlooxtracking.com                           │
├───────────────┼─────────────────────────────────────────────────────┤
│ 559.52        │ tpc.googlesyndication.com                           │
├───────────────┼─────────────────────────────────────────────────────┤
│ 557.00        │ cdns.gigya.com                                      │
├───────────────┼─────────────────────────────────────────────────────┤
│ 542.13        │ s372.mxcdn.net                                      │
├───────────────┼─────────────────────────────────────────────────────┤
│ 435.79        │ cdn.adnxs.com                                       │
├───────────────┼─────────────────────────────────────────────────────┤
│ 431.04        │ cdn.audiencesquare.com                              │
├───────────────┼─────────────────────────────────────────────────────┤
│ 330.84        │ code.createjs.com                                   │
├───────────────┼─────────────────────────────────────────────────────┤
│ 283.84        │ connect.facebook.net                                │
├───────────────┼─────────────────────────────────────────────────────┤
│ 257.54        │ ct1.addthis.com                                     │
├───────────────┼─────────────────────────────────────────────────────┤
│ 220.13        │ s0.2mdn.net                                         │
├───────────────┼─────────────────────────────────────────────────────┤
│ 172.78        │ adyoulike.omnitagjs.com                             │
├───────────────┼─────────────────────────────────────────────────────┤
│ 137.10        │ cdns.eu1.gigya.com                                  │
├───────────────┼─────────────────────────────────────────────────────┤
│ 126.33        │ www.googletagmanager.com                            │
├───────────────┼─────────────────────────────────────────────────────┤
│ 111.74        │ extensions::                                        │
├───────────────┼─────────────────────────────────────────────────────┤
│ 101.32        │ www.googletagservices.com                           │
├───────────────┼─────────────────────────────────────────────────────┤
│ 90.57         │ tags.bkrtx.com                                      │
├───────────────┼─────────────────────────────────────────────────────┤
│ 76.87         │ native                                              │
├───────────────┼─────────────────────────────────────────────────────┤
│ 71.20         │ www.google-analytics.com                            │
├───────────────┼─────────────────────────────────────────────────────┤
│ 70.49         │ staticxx.facebook.com                               │
├───────────────┼─────────────────────────────────────────────────────┤
│ 49.85         │ acdn.adnxs.com                                      │
├───────────────┼─────────────────────────────────────────────────────┤
│ 46.53         │ assets.pinterest.com                                │
├───────────────┼─────────────────────────────────────────────────────┤
│ 44.57         │ fogl1onf.com                                        │
├───────────────┼─────────────────────────────────────────────────────┤
│ 42.79         │ pixel.quantserve.com                                │
├───────────────┼─────────────────────────────────────────────────────┤
│ 33.28         │ ad.doubleclick.net                                  │
├───────────────┼─────────────────────────────────────────────────────┤
│ 22.93         │ static.mediarithmics.com                            │
├───────────────┼─────────────────────────────────────────────────────┤
│ 21.69         │ www.googleadservices.com                            │
├───────────────┼─────────────────────────────────────────────────────┤
│ 21.62         │ s.amazon-adsystem.com                               │
├───────────────┼─────────────────────────────────────────────────────┤
│ 21.62         │ ib.adnxs.com                                        │
├───────────────┼─────────────────────────────────────────────────────┤
│ 20.18         │ cdns1.gigya.com                                     │
├───────────────┼─────────────────────────────────────────────────────┤
│ 14.06         │ www.wysistat.com                                    │
├───────────────┼─────────────────────────────────────────────────────┤
│ 13.32         │ api.dmcdn.net                                       │
├───────────────┼─────────────────────────────────────────────────────┤
│ 12.69         │ s372.meetrics.net                                   │
├───────────────┼─────────────────────────────────────────────────────┤
│ 11.35         │ tags.bluekai.com                                    │
├───────────────┼─────────────────────────────────────────────────────┤
│ 11.00         │ fo-static.omnitagjs.com                             │
├───────────────┼─────────────────────────────────────────────────────┤
│ 10.64         │ static.ads-twitter.com                              │
├───────────────┼─────────────────────────────────────────────────────┤
│ 7.77          │ googleads.g.doubleclick.net                         │
├───────────────┼─────────────────────────────────────────────────────┤
│ 7.72          │ chrome-extension://mpbpobfflnpcgagjijhmgnchggcjblin │
├───────────────┼─────────────────────────────────────────────────────┤
│ 7.23          │ script.ownpage.fr                                   │
├───────────────┼─────────────────────────────────────────────────────┤
│ 6.04          │ graph.facebook.com                                  │
├───────────────┼─────────────────────────────────────────────────────┤
│ 5.12          │ api.pinterest.com                                   │
├───────────────┼─────────────────────────────────────────────────────┤
│ 4.62          │ ads.mediarithmics.com                               │
├───────────────┼─────────────────────────────────────────────────────┤
│ 3.79          │ w.estat.com                                         │
├───────────────┼─────────────────────────────────────────────────────┤
│ 2.22          │ fo-ssp.omnitagjs.com                                │
├───────────────┼─────────────────────────────────────────────────────┤
│ 2.09          │ fo-api.omnitagjs.com                                │
├───────────────┼─────────────────────────────────────────────────────┤
│ 1.68          │ ams1-ib.adnxs.com                                   │
├───────────────┼─────────────────────────────────────────────────────┤
│ 1.09          │ adservice.google.fr                                 │
├───────────────┼─────────────────────────────────────────────────────┤
│ 0.95          │ adservice.google.com                                │
├───────────────┼─────────────────────────────────────────────────────┤
│ 0.90          │ log.pinterest.com                                   │
├───────────────┼─────────────────────────────────────────────────────┤
│ 0.86          │ loadeu.exelator.com                                 │
├───────────────┼─────────────────────────────────────────────────────┤
│ 0.72          │ m.addthisedge.com                                   │
├───────────────┼─────────────────────────────────────────────────────┤
│ 0.58          │ gscounters.eu1.gigya.com                            │
├───────────────┼─────────────────────────────────────────────────────┤
│ 0.06          │ sb.scorecardresearch.com                            │
└───────────────┴─────────────────────────────────────────────────────┘
"
`;
