// Jest Snapshot v1, https://goo.gl/fbAQLP

exports[`Node API with JSON results : default options trace-vanity-mobile.json analysis should exactly match the saved results 1`] = `
Object {
  "cpuTimePerDomain": Object {
    "adyoulike.omnitagjs.com": 347.20399993658066,
    "cdns.eu1.gigya.com": 224.9640000462532,
    "cdns.gigya.com": 601.3290000259876,
    "connect.facebook.net": 411.74199998378754,
    "fw.adsafeprotected.com": 560.256000071764,
    "m.vanityfair.fr": 1062.517999947071,
    "pagead2.googlesyndication.com": 169.76800015568733,
    "pcotag.azureedge.net": 396.0799999833107,
    "platform.twitter.com": 267.3179999291897,
    "secure-ds.serving-sys.com": 207.50500014424324,
    "securepubads.g.doubleclick.net": 801.206000238657,
    "widgets.outbrain.com": 427.435999751091,
    "www.googletagmanager.com": 192.87200009822845,
    "z.moatads.com": 437.3180001080036,
  },
  "totalCPUTime": 7189.355000168085,
  "totalDomains": 55,
  "totalOffendersDomains": 14,
}
`;

exports[`results as console table : default options should match the previous mock 1`] = `
"[90m┌──────────────────────────┬─────────┐[39m
[90m│[39m[31m Total CPU busy time (ms) [39m[90m│[39m 7189.36 [90m│[39m
[90m├──────────────────────────┼─────────┤[39m
[90m│[39m[31m Total number of domains  [39m[90m│[39m 55      [90m│[39m
[90m├──────────────────────────┼─────────┤[39m
[90m│[39m[31m Number of big offenders  [39m[90m│[39m 14      [90m│[39m
[90m└──────────────────────────┴─────────┘[39m
[90m┌───────────────┬────────────────────────────────┐[39m
[90m│[39m[31m CPU Time (ms) [39m[90m│[39m[31m domain name                    [39m[90m│[39m
[90m├───────────────┼────────────────────────────────┤[39m
[90m│[39m 1062.52       [90m│[39m m.vanityfair.fr                [90m│[39m
[90m├───────────────┼────────────────────────────────┤[39m
[90m│[39m 801.21        [90m│[39m securepubads.g.doubleclick.net [90m│[39m
[90m├───────────────┼────────────────────────────────┤[39m
[90m│[39m 601.33        [90m│[39m cdns.gigya.com                 [90m│[39m
[90m├───────────────┼────────────────────────────────┤[39m
[90m│[39m 560.26        [90m│[39m fw.adsafeprotected.com         [90m│[39m
[90m├───────────────┼────────────────────────────────┤[39m
[90m│[39m 437.32        [90m│[39m z.moatads.com                  [90m│[39m
[90m├───────────────┼────────────────────────────────┤[39m
[90m│[39m 427.44        [90m│[39m widgets.outbrain.com           [90m│[39m
[90m├───────────────┼────────────────────────────────┤[39m
[90m│[39m 411.74        [90m│[39m connect.facebook.net           [90m│[39m
[90m├───────────────┼────────────────────────────────┤[39m
[90m│[39m 396.08        [90m│[39m pcotag.azureedge.net           [90m│[39m
[90m├───────────────┼────────────────────────────────┤[39m
[90m│[39m 347.20        [90m│[39m adyoulike.omnitagjs.com        [90m│[39m
[90m├───────────────┼────────────────────────────────┤[39m
[90m│[39m 267.32        [90m│[39m platform.twitter.com           [90m│[39m
[90m├───────────────┼────────────────────────────────┤[39m
[90m│[39m 224.96        [90m│[39m cdns.eu1.gigya.com             [90m│[39m
[90m├───────────────┼────────────────────────────────┤[39m
[90m│[39m 207.51        [90m│[39m secure-ds.serving-sys.com      [90m│[39m
[90m├───────────────┼────────────────────────────────┤[39m
[90m│[39m 192.87        [90m│[39m www.googletagmanager.com       [90m│[39m
[90m├───────────────┼────────────────────────────────┤[39m
[90m│[39m 169.77        [90m│[39m pagead2.googlesyndication.com  [90m│[39m
[90m└───────────────┴────────────────────────────────┘[39m"
`;
